[0.077s] DEBUG:colcon:Command line arguments: ['/usr/bin/colcon', 'build', '--symlink-install']
[0.077s] DEBUG:colcon:Parsed command line arguments: Namespace(log_base=None, log_level=None, verb_name='build', build_base='build', install_base='install', merge_install=False, symlink_install=True, test_result_base=None, continue_on_error=False, executor='parallel', parallel_workers=22, event_handlers=None, ignore_user_meta=False, metas=['./colcon.meta'], base_paths=['.'], packages_ignore=None, packages_ignore_regex=None, paths=None, packages_up_to=None, packages_up_to_regex=None, packages_above=None, packages_above_and_dependencies=None, packages_above_depth=None, packages_select_by_dep=None, packages_skip_by_dep=None, packages_skip_up_to=None, packages_select_build_failed=False, packages_skip_build_finished=False, packages_select_test_failures=False, packages_skip_test_passed=False, packages_select=None, packages_skip=None, packages_select_regex=None, packages_skip_regex=None, packages_start=None, packages_end=None, allow_overriding=[], cmake_args=None, cmake_target=None, cmake_target_skip_unavailable=False, cmake_clean_cache=False, cmake_clean_first=False, cmake_force_configure=False, ament_cmake_args=None, catkin_cmake_args=None, catkin_skip_building_tests=False, verb_parser=<colcon_defaults.argument_parser.defaults.DefaultArgumentsDecorator object at 0x7a75c461eed0>, verb_extension=<colcon_core.verb.build.BuildVerb object at 0x7a75c461ea50>, main=<bound method BuildVerb.main of <colcon_core.verb.build.BuildVerb object at 0x7a75c461ea50>>)
[3.194s] Level 1:colcon.colcon_core.package_discovery:discover_packages(colcon_meta) check parameters
[3.194s] Level 1:colcon.colcon_core.package_discovery:discover_packages(recursive) check parameters
[3.194s] Level 1:colcon.colcon_core.package_discovery:discover_packages(ignore) check parameters
[3.194s] Level 1:colcon.colcon_core.package_discovery:discover_packages(path) check parameters
[3.194s] Level 1:colcon.colcon_core.package_discovery:discover_packages(colcon_meta) discover
[3.194s] Level 1:colcon.colcon_core.package_discovery:discover_packages(recursive) discover
[3.194s] INFO:colcon.colcon_core.package_discovery:Crawling recursively for packages in '/home/parshva/ITR/HW_1/hw01-mujoco-rotations/ros_ws'
[3.194s] Level 1:colcon.colcon_core.package_identification:_identify(.) by extensions ['ignore', 'ignore_ament_install']
[3.194s] Level 1:colcon.colcon_core.package_identification:_identify(.) by extension 'ignore'
[3.194s] Level 1:colcon.colcon_core.package_identification:_identify(.) by extension 'ignore_ament_install'
[3.194s] Level 1:colcon.colcon_core.package_identification:_identify(.) by extensions ['colcon_pkg']
[3.194s] Level 1:colcon.colcon_core.package_identification:_identify(.) by extension 'colcon_pkg'
[3.194s] Level 1:colcon.colcon_core.package_identification:_identify(.) by extensions ['colcon_meta']
[3.194s] Level 1:colcon.colcon_core.package_identification:_identify(.) by extension 'colcon_meta'
[3.194s] Level 1:colcon.colcon_core.package_identification:_identify(.) by extensions ['ros']
[3.194s] Level 1:colcon.colcon_core.package_identification:_identify(.) by extension 'ros'
[3.209s] Level 1:colcon.colcon_core.package_identification:_identify(.) by extensions ['cmake', 'python']
[3.209s] Level 1:colcon.colcon_core.package_identification:_identify(.) by extension 'cmake'
[3.209s] Level 1:colcon.colcon_core.package_identification:_identify(.) by extension 'python'
[3.209s] Level 1:colcon.colcon_core.package_identification:_identify(.) by extensions ['python_setup_py']
[3.209s] Level 1:colcon.colcon_core.package_identification:_identify(.) by extension 'python_setup_py'
[3.209s] Level 1:colcon.colcon_core.package_identification:_identify(build) by extensions ['ignore', 'ignore_ament_install']
[3.210s] Level 1:colcon.colcon_core.package_identification:_identify(build) by extension 'ignore'
[3.210s] Level 1:colcon.colcon_core.package_identification:_identify(build) ignored
[3.210s] Level 1:colcon.colcon_core.package_identification:_identify(install) by extensions ['ignore', 'ignore_ament_install']
[3.210s] Level 1:colcon.colcon_core.package_identification:_identify(install) by extension 'ignore'
[3.210s] Level 1:colcon.colcon_core.package_identification:_identify(install) ignored
[3.210s] Level 1:colcon.colcon_core.package_identification:_identify(log) by extensions ['ignore', 'ignore_ament_install']
[3.210s] Level 1:colcon.colcon_core.package_identification:_identify(log) by extension 'ignore'
[3.210s] Level 1:colcon.colcon_core.package_identification:_identify(log) ignored
[3.210s] Level 1:colcon.colcon_core.package_identification:_identify(src) by extensions ['ignore', 'ignore_ament_install']
[3.210s] Level 1:colcon.colcon_core.package_identification:_identify(src) by extension 'ignore'
[3.210s] Level 1:colcon.colcon_core.package_identification:_identify(src) by extension 'ignore_ament_install'
[3.210s] Level 1:colcon.colcon_core.package_identification:_identify(src) by extensions ['colcon_pkg']
[3.210s] Level 1:colcon.colcon_core.package_identification:_identify(src) by extension 'colcon_pkg'
[3.210s] Level 1:colcon.colcon_core.package_identification:_identify(src) by extensions ['colcon_meta']
[3.210s] Level 1:colcon.colcon_core.package_identification:_identify(src) by extension 'colcon_meta'
[3.210s] Level 1:colcon.colcon_core.package_identification:_identify(src) by extensions ['ros']
[3.210s] Level 1:colcon.colcon_core.package_identification:_identify(src) by extension 'ros'
[3.210s] Level 1:colcon.colcon_core.package_identification:_identify(src) by extensions ['cmake', 'python']
[3.210s] Level 1:colcon.colcon_core.package_identification:_identify(src) by extension 'cmake'
[3.210s] Level 1:colcon.colcon_core.package_identification:_identify(src) by extension 'python'
[3.210s] Level 1:colcon.colcon_core.package_identification:_identify(src) by extensions ['python_setup_py']
[3.210s] Level 1:colcon.colcon_core.package_identification:_identify(src) by extension 'python_setup_py'
[3.210s] Level 1:colcon.colcon_core.package_identification:_identify(src/hw01_tf_demo) by extensions ['ignore', 'ignore_ament_install']
[3.210s] Level 1:colcon.colcon_core.package_identification:_identify(src/hw01_tf_demo) by extension 'ignore'
[3.210s] Level 1:colcon.colcon_core.package_identification:_identify(src/hw01_tf_demo) by extension 'ignore_ament_install'
[3.210s] Level 1:colcon.colcon_core.package_identification:_identify(src/hw01_tf_demo) by extensions ['colcon_pkg']
[3.210s] Level 1:colcon.colcon_core.package_identification:_identify(src/hw01_tf_demo) by extension 'colcon_pkg'
[3.210s] Level 1:colcon.colcon_core.package_identification:_identify(src/hw01_tf_demo) by extensions ['colcon_meta']
[3.210s] Level 1:colcon.colcon_core.package_identification:_identify(src/hw01_tf_demo) by extension 'colcon_meta'
[3.210s] Level 1:colcon.colcon_core.package_identification:_identify(src/hw01_tf_demo) by extensions ['ros']
[3.210s] Level 1:colcon.colcon_core.package_identification:_identify(src/hw01_tf_demo) by extension 'ros'
[3.212s] DEBUG:colcon.colcon_core.package_identification:Package 'src/hw01_tf_demo' with type 'ros.ament_python' and name 'hw01_tf_demo'
[3.212s] Level 1:colcon.colcon_core.package_discovery:discover_packages(recursive) using defaults
[3.212s] Level 1:colcon.colcon_core.package_discovery:discover_packages(ignore) discover
[3.212s] Level 1:colcon.colcon_core.package_discovery:discover_packages(ignore) using defaults
[3.212s] Level 1:colcon.colcon_core.package_discovery:discover_packages(path) discover
[3.212s] Level 1:colcon.colcon_core.package_discovery:discover_packages(path) using defaults
[3.224s] Level 1:colcon.colcon_core.package_discovery:discover_packages(prefix_path) check parameters
[3.224s] Level 1:colcon.colcon_core.package_discovery:discover_packages(prefix_path) discover
[3.226s] DEBUG:colcon.colcon_installed_package_information.package_discovery:Found 2 installed packages in /home/parshva/ros2_ws1/install
[3.227s] DEBUG:colcon.colcon_installed_package_information.package_discovery:Found 5 installed packages in /home/parshva/forklift_ws/install
[3.227s] DEBUG:colcon.colcon_installed_package_information.package_discovery:Found 3 installed packages in /home/parshva/ros2_ws/install
[3.228s] DEBUG:colcon.colcon_installed_package_information.package_discovery:Found 343 installed packages in /opt/ros/jazzy
[3.228s] Level 1:colcon.colcon_core.package_discovery:discover_packages(prefix_path) using defaults
[3.255s] Level 5:colcon.colcon_core.verb:set package 'hw01_tf_demo' build argument 'cmake_args' from command line to 'None'
[3.255s] Level 5:colcon.colcon_core.verb:set package 'hw01_tf_demo' build argument 'cmake_target' from command line to 'None'
[3.255s] Level 5:colcon.colcon_core.verb:set package 'hw01_tf_demo' build argument 'cmake_target_skip_unavailable' from command line to 'False'
[3.255s] Level 5:colcon.colcon_core.verb:set package 'hw01_tf_demo' build argument 'cmake_clean_cache' from command line to 'False'
[3.255s] Level 5:colcon.colcon_core.verb:set package 'hw01_tf_demo' build argument 'cmake_clean_first' from command line to 'False'
[3.255s] Level 5:colcon.colcon_core.verb:set package 'hw01_tf_demo' build argument 'cmake_force_configure' from command line to 'False'
[3.255s] Level 5:colcon.colcon_core.verb:set package 'hw01_tf_demo' build argument 'ament_cmake_args' from command line to 'None'
[3.255s] Level 5:colcon.colcon_core.verb:set package 'hw01_tf_demo' build argument 'catkin_cmake_args' from command line to 'None'
[3.255s] Level 5:colcon.colcon_core.verb:set package 'hw01_tf_demo' build argument 'catkin_skip_building_tests' from command line to 'False'
[3.255s] DEBUG:colcon.colcon_core.verb:Building package 'hw01_tf_demo' with the following arguments: {'ament_cmake_args': None, 'build_base': '/home/parshva/ITR/HW_1/hw01-mujoco-rotations/ros_ws/build/hw01_tf_demo', 'catkin_cmake_args': None, 'catkin_skip_building_tests': False, 'cmake_args': None, 'cmake_clean_cache': False, 'cmake_clean_first': False, 'cmake_force_configure': False, 'cmake_target': None, 'cmake_target_skip_unavailable': False, 'install_base': '/home/parshva/ITR/HW_1/hw01-mujoco-rotations/ros_ws/install/hw01_tf_demo', 'merge_install': False, 'path': '/home/parshva/ITR/HW_1/hw01-mujoco-rotations/ros_ws/src/hw01_tf_demo', 'symlink_install': True, 'test_result_base': None}
[3.255s] INFO:colcon.colcon_core.executor:Executing jobs using 'parallel' executor
[3.256s] DEBUG:colcon.colcon_parallel_executor.executor.parallel:run_until_complete
[3.256s] INFO:colcon.colcon_ros.task.ament_python.build:Building ROS package in '/home/parshva/ITR/HW_1/hw01-mujoco-rotations/ros_ws/src/hw01_tf_demo' with build type 'ament_python'
[3.256s] Level 1:colcon.colcon_core.shell:create_environment_hook('hw01_tf_demo', 'ament_prefix_path')
[3.260s] INFO:colcon.colcon_core.plugin_system:Skipping extension 'colcon_core.shell.bat': Not used on non-Windows systems
[3.261s] INFO:colcon.colcon_core.shell:Creating environment hook '/home/parshva/ITR/HW_1/hw01-mujoco-rotations/ros_ws/install/hw01_tf_demo/share/hw01_tf_demo/hook/ament_prefix_path.ps1'
[3.261s] INFO:colcon.colcon_core.shell:Creating environment descriptor '/home/parshva/ITR/HW_1/hw01-mujoco-rotations/ros_ws/install/hw01_tf_demo/share/hw01_tf_demo/hook/ament_prefix_path.dsv'
[3.262s] INFO:colcon.colcon_core.shell:Creating environment hook '/home/parshva/ITR/HW_1/hw01-mujoco-rotations/ros_ws/install/hw01_tf_demo/share/hw01_tf_demo/hook/ament_prefix_path.sh'
[3.263s] INFO:colcon.colcon_core.shell:Skip shell extension 'powershell' for command environment: Not usable outside of PowerShell
[3.263s] DEBUG:colcon.colcon_core.shell:Skip shell extension 'dsv' for command environment
[3.387s] INFO:colcon.colcon_core.task.python.build:Building Python package in '/home/parshva/ITR/HW_1/hw01-mujoco-rotations/ros_ws/src/hw01_tf_demo'
[3.387s] INFO:colcon.colcon_core.shell:Skip shell extension 'powershell' for command environment: Not usable outside of PowerShell
[3.388s] DEBUG:colcon.colcon_core.shell:Skip shell extension 'dsv' for command environment
[3.793s] DEBUG:colcon.colcon_core.event_handler.log_command:Invoking command in '/home/parshva/ITR/HW_1/hw01-mujoco-rotations/ros_ws/build/hw01_tf_demo': DEBUGINFOD_URLS=https://debuginfod.ubuntu.com PYTHONPATH=/home/parshva/ITR/HW_1/hw01-mujoco-rotations/ros_ws/build/hw01_tf_demo/prefix_override:/usr/lib/python3/dist-packages/colcon_core/task/python/colcon_distutils_commands:/home/parshva/ITR/HW_1/hw01-mujoco-rotations/ros_ws/install/hw01_tf_demo/lib/python3.12/site-packages:${PYTHONPATH} /usr/bin/python3 -W ignore:setup.py install is deprecated -W ignore:easy_install command is deprecated setup.py develop --editable --build-directory /home/parshva/ITR/HW_1/hw01-mujoco-rotations/ros_ws/build/hw01_tf_demo/build --no-deps symlink_data
[4.137s] Level 1:colcon.colcon_core.shell:create_environment_hook('hw01_tf_demo', 'pythonpath_develop')
[4.138s] DEBUG:colcon.colcon_core.event_handler.log_command:Invoked command in '/home/parshva/ITR/HW_1/hw01-mujoco-rotations/ros_ws/build/hw01_tf_demo' returned '0': DEBUGINFOD_URLS=https://debuginfod.ubuntu.com PYTHONPATH=/home/parshva/ITR/HW_1/hw01-mujoco-rotations/ros_ws/build/hw01_tf_demo/prefix_override:/usr/lib/python3/dist-packages/colcon_core/task/python/colcon_distutils_commands:/home/parshva/ITR/HW_1/hw01-mujoco-rotations/ros_ws/install/hw01_tf_demo/lib/python3.12/site-packages:${PYTHONPATH} /usr/bin/python3 -W ignore:setup.py install is deprecated -W ignore:easy_install command is deprecated setup.py develop --editable --build-directory /home/parshva/ITR/HW_1/hw01-mujoco-rotations/ros_ws/build/hw01_tf_demo/build --no-deps symlink_data
[4.138s] INFO:colcon.colcon_core.shell:Creating environment hook '/home/parshva/ITR/HW_1/hw01-mujoco-rotations/ros_ws/build/hw01_tf_demo/share/hw01_tf_demo/hook/pythonpath_develop.ps1'
[4.139s] INFO:colcon.colcon_core.shell:Creating environment descriptor '/home/parshva/ITR/HW_1/hw01-mujoco-rotations/ros_ws/build/hw01_tf_demo/share/hw01_tf_demo/hook/pythonpath_develop.dsv'
[4.140s] INFO:colcon.colcon_core.shell:Creating environment hook '/home/parshva/ITR/HW_1/hw01-mujoco-rotations/ros_ws/build/hw01_tf_demo/share/hw01_tf_demo/hook/pythonpath_develop.sh'
[4.144s] Level 1:colcon.colcon_core.environment:checking '/home/parshva/ITR/HW_1/hw01-mujoco-rotations/ros_ws/install/hw01_tf_demo' for CMake module files
[4.145s] Level 1:colcon.colcon_core.environment:checking '/home/parshva/ITR/HW_1/hw01-mujoco-rotations/ros_ws/install/hw01_tf_demo' for CMake config files
[4.145s] Level 1:colcon.colcon_core.environment:checking '/home/parshva/ITR/HW_1/hw01-mujoco-rotations/ros_ws/install/hw01_tf_demo/lib'
[4.145s] Level 1:colcon.colcon_core.environment:checking '/home/parshva/ITR/HW_1/hw01-mujoco-rotations/ros_ws/install/hw01_tf_demo/bin'
[4.145s] Level 1:colcon.colcon_core.environment:checking '/home/parshva/ITR/HW_1/hw01-mujoco-rotations/ros_ws/install/hw01_tf_demo/lib/pkgconfig/hw01_tf_demo.pc'
[4.145s] Level 1:colcon.colcon_core.environment:checking '/home/parshva/ITR/HW_1/hw01-mujoco-rotations/ros_ws/install/hw01_tf_demo/lib/python3.12/site-packages'
[4.145s] Level 1:colcon.colcon_core.shell:create_environment_hook('hw01_tf_demo', 'pythonpath')
[4.145s] INFO:colcon.colcon_core.shell:Creating environment hook '/home/parshva/ITR/HW_1/hw01-mujoco-rotations/ros_ws/install/hw01_tf_demo/share/hw01_tf_demo/hook/pythonpath.ps1'
[4.146s] INFO:colcon.colcon_core.shell:Creating environment descriptor '/home/parshva/ITR/HW_1/hw01-mujoco-rotations/ros_ws/install/hw01_tf_demo/share/hw01_tf_demo/hook/pythonpath.dsv'
[4.146s] INFO:colcon.colcon_core.shell:Creating environment hook '/home/parshva/ITR/HW_1/hw01-mujoco-rotations/ros_ws/install/hw01_tf_demo/share/hw01_tf_demo/hook/pythonpath.sh'
[4.146s] Level 1:colcon.colcon_core.environment:checking '/home/parshva/ITR/HW_1/hw01-mujoco-rotations/ros_ws/install/hw01_tf_demo/bin'
[4.146s] Level 1:colcon.colcon_core.environment:create_environment_scripts_only(hw01_tf_demo)
[4.146s] INFO:colcon.colcon_core.shell:Creating package script '/home/parshva/ITR/HW_1/hw01-mujoco-rotations/ros_ws/install/hw01_tf_demo/share/hw01_tf_demo/package.ps1'
[4.148s] INFO:colcon.colcon_core.shell:Creating package descriptor '/home/parshva/ITR/HW_1/hw01-mujoco-rotations/ros_ws/install/hw01_tf_demo/share/hw01_tf_demo/package.dsv'
[4.149s] INFO:colcon.colcon_core.shell:Creating package script '/home/parshva/ITR/HW_1/hw01-mujoco-rotations/ros_ws/install/hw01_tf_demo/share/hw01_tf_demo/package.sh'
[4.150s] INFO:colcon.colcon_core.shell:Creating package script '/home/parshva/ITR/HW_1/hw01-mujoco-rotations/ros_ws/install/hw01_tf_demo/share/hw01_tf_demo/package.bash'
[4.151s] INFO:colcon.colcon_core.shell:Creating package script '/home/parshva/ITR/HW_1/hw01-mujoco-rotations/ros_ws/install/hw01_tf_demo/share/hw01_tf_demo/package.zsh'
[4.151s] Level 1:colcon.colcon_core.environment:create_file_with_runtime_dependencies(/home/parshva/ITR/HW_1/hw01-mujoco-rotations/ros_ws/install/hw01_tf_demo/share/colcon-core/packages/hw01_tf_demo)
[4.151s] DEBUG:colcon.colcon_parallel_executor.executor.parallel:closing loop
[4.152s] DEBUG:colcon.colcon_parallel_executor.executor.parallel:loop closed
[4.152s] DEBUG:colcon.colcon_parallel_executor.executor.parallel:run_until_complete finished with '0'
[4.152s] DEBUG:colcon.colcon_core.event_reactor:joining thread
[4.155s] INFO:colcon.colcon_core.plugin_system:Skipping extension 'colcon_notification.desktop_notification.terminal_notifier': Not used on non-Darwin systems
[4.155s] INFO:colcon.colcon_core.plugin_system:Skipping extension 'colcon_notification.desktop_notification.win32': Not used on non-Windows systems
[4.155s] INFO:colcon.colcon_notification.desktop_notification:Sending desktop notification using 'notify2'
[4.178s] DEBUG:colcon.colcon_core.event_reactor:joined thread
[4.178s] INFO:colcon.colcon_core.shell:Creating prefix script '/home/parshva/ITR/HW_1/hw01-mujoco-rotations/ros_ws/install/local_setup.ps1'
[4.179s] INFO:colcon.colcon_core.shell:Creating prefix util module '/home/parshva/ITR/HW_1/hw01-mujoco-rotations/ros_ws/install/_local_setup_util_ps1.py'
[4.180s] INFO:colcon.colcon_core.shell:Creating prefix chain script '/home/parshva/ITR/HW_1/hw01-mujoco-rotations/ros_ws/install/setup.ps1'
[4.182s] INFO:colcon.colcon_core.shell:Creating prefix script '/home/parshva/ITR/HW_1/hw01-mujoco-rotations/ros_ws/install/local_setup.sh'
[4.182s] INFO:colcon.colcon_core.shell:Creating prefix util module '/home/parshva/ITR/HW_1/hw01-mujoco-rotations/ros_ws/install/_local_setup_util_sh.py'
[4.182s] INFO:colcon.colcon_core.shell:Creating prefix chain script '/home/parshva/ITR/HW_1/hw01-mujoco-rotations/ros_ws/install/setup.sh'
[4.183s] INFO:colcon.colcon_core.shell:Creating prefix script '/home/parshva/ITR/HW_1/hw01-mujoco-rotations/ros_ws/install/local_setup.bash'
[4.184s] INFO:colcon.colcon_core.shell:Creating prefix chain script '/home/parshva/ITR/HW_1/hw01-mujoco-rotations/ros_ws/install/setup.bash'
[4.184s] INFO:colcon.colcon_core.shell:Creating prefix script '/home/parshva/ITR/HW_1/hw01-mujoco-rotations/ros_ws/install/local_setup.zsh'
[4.185s] INFO:colcon.colcon_core.shell:Creating prefix chain script '/home/parshva/ITR/HW_1/hw01-mujoco-rotations/ros_ws/install/setup.zsh'
