[0.536s] Invoking command in '/home/parshva/ITR/HW_1/hw01-mujoco-rotations/ros_ws/build/hw01_tf_demo': DEBUGINFOD_URLS=https://debuginfod.ubuntu.com PYTHONPATH=/home/parshva/ITR/HW_1/hw01-mujoco-rotations/ros_ws/build/hw01_tf_demo/prefix_override:/usr/lib/python3/dist-packages/colcon_core/task/python/colcon_distutils_commands:/home/parshva/ITR/HW_1/hw01-mujoco-rotations/ros_ws/install/hw01_tf_demo/lib/python3.12/site-packages:${PYTHONPATH} /usr/bin/python3 -W ignore:setup.py install is deprecated -W ignore:easy_install command is deprecated setup.py develop --editable --build-directory /home/parshva/ITR/HW_1/hw01-mujoco-rotations/ros_ws/build/hw01_tf_demo/build --no-deps symlink_data
[0.611s] /usr/lib/python3/dist-packages/setuptools/dist.py:744: SetuptoolsDeprecationWarning: Invalid dash-separated options
[0.611s] !!
[0.611s] 
[0.611s]         ********************************************************************************
[0.611s]         Usage of dash-separated 'script-dir' will not be supported in future
[0.611s]         versions. Please use the underscore name 'script_dir' instead.
[0.611s] 
[0.611s]         This deprecation is overdue, please update your project and remove deprecated
[0.611s]         calls to avoid build errors in the future.
[0.611s] 
[0.611s]         See https://setuptools.pypa.io/en/latest/userguide/declarative_config.html for details.
[0.611s]         ********************************************************************************
[0.611s] 
[0.611s] !!
[0.612s]   opt = self.warn_dash_deprecation(opt, section)
[0.715s] running develop
[0.819s] running egg_info
[0.819s] creating hw01_tf_demo.egg-info
[0.829s] writing hw01_tf_demo.egg-info/PKG-INFO
[0.829s] writing dependency_links to hw01_tf_demo.egg-info/dependency_links.txt
[0.829s] writing entry points to hw01_tf_demo.egg-info/entry_points.txt
[0.829s] writing requirements to hw01_tf_demo.egg-info/requires.txt
[0.830s] writing top-level names to hw01_tf_demo.egg-info/top_level.txt
[0.830s] writing manifest file 'hw01_tf_demo.egg-info/SOURCES.txt'
[0.849s] reading manifest file 'hw01_tf_demo.egg-info/SOURCES.txt'
[0.850s] writing manifest file 'hw01_tf_demo.egg-info/SOURCES.txt'
[0.860s] running build_ext
[0.860s] Creating /home/parshva/ITR/HW_1/hw01-mujoco-rotations/ros_ws/install/hw01_tf_demo/lib/python3.12/site-packages/hw01-tf-demo.egg-link (link to .)
[0.861s] Installing tf_broadcaster_node script to /home/parshva/ITR/HW_1/hw01-mujoco-rotations/ros_ws/install/hw01_tf_demo/lib/hw01_tf_demo
[0.861s] 
[0.861s] Installed /home/parshva/ITR/HW_1/hw01-mujoco-rotations/ros_ws/build/hw01_tf_demo
[0.861s] running symlink_data
[0.861s] creating /home/parshva/ITR/HW_1/hw01-mujoco-rotations/ros_ws/install/hw01_tf_demo/share/ament_index
[0.861s] creating /home/parshva/ITR/HW_1/hw01-mujoco-rotations/ros_ws/install/hw01_tf_demo/share/ament_index/resource_index
[0.861s] creating /home/parshva/ITR/HW_1/hw01-mujoco-rotations/ros_ws/install/hw01_tf_demo/share/ament_index/resource_index/packages
[0.862s] symbolically linking /home/parshva/ITR/HW_1/hw01-mujoco-rotations/ros_ws/build/hw01_tf_demo/resource/hw01_tf_demo -> /home/parshva/ITR/HW_1/hw01-mujoco-rotations/ros_ws/install/hw01_tf_demo/share/ament_index/resource_index/packages
[0.862s] symbolically linking /home/parshva/ITR/HW_1/hw01-mujoco-rotations/ros_ws/build/hw01_tf_demo/package.xml -> /home/parshva/ITR/HW_1/hw01-mujoco-rotations/ros_ws/install/hw01_tf_demo/share/hw01_tf_demo
[0.881s] Invoked command in '/home/parshva/ITR/HW_1/hw01-mujoco-rotations/ros_ws/build/hw01_tf_demo' returned '0': DEBUGINFOD_URLS=https://debuginfod.ubuntu.com PYTHONPATH=/home/parshva/ITR/HW_1/hw01-mujoco-rotations/ros_ws/build/hw01_tf_demo/prefix_override:/usr/lib/python3/dist-packages/colcon_core/task/python/colcon_distutils_commands:/home/parshva/ITR/HW_1/hw01-mujoco-rotations/ros_ws/install/hw01_tf_demo/lib/python3.12/site-packages:${PYTHONPATH} /usr/bin/python3 -W ignore:setup.py install is deprecated -W ignore:easy_install command is deprecated setup.py develop --editable --build-directory /home/parshva/ITR/HW_1/hw01-mujoco-rotations/ros_ws/build/hw01_tf_demo/build --no-deps symlink_data
