[0.462s] Invoking command in '/home/parshva/ITR/HW_1/hw01-mujoco-rotations/ros_ws/build/hw01_tf_demo': DEBUGINFOD_URLS=https://debuginfod.ubuntu.com PYTHONPATH=/home/parshva/ITR/HW_1/hw01-mujoco-rotations/ros_ws/build/hw01_tf_demo/prefix_override:/usr/lib/python3/dist-packages/colcon_core/task/python/colcon_distutils_commands:/home/parshva/ITR/HW_1/hw01-mujoco-rotations/ros_ws/install/hw01_tf_demo/lib/python3.12/site-packages:${PYTHONPATH} /usr/bin/python3 -W ignore:setup.py install is deprecated -W ignore:easy_install command is deprecated setup.py develop --editable --build-directory /home/parshva/ITR/HW_1/hw01-mujoco-rotations/ros_ws/build/hw01_tf_demo/build --no-deps symlink_data
[0.532s] /usr/lib/python3/dist-packages/setuptools/dist.py:744: SetuptoolsDeprecationWarning: Invalid dash-separated options
[0.532s] !!
[0.533s] 
[0.533s]         ********************************************************************************
[0.533s]         Usage of dash-separated 'script-dir' will not be supported in future
[0.533s]         versions. Please use the underscore name 'script_dir' instead.
[0.533s] 
[0.533s]         This deprecation is overdue, please update your project and remove deprecated
[0.533s]         calls to avoid build errors in the future.
[0.533s] 
[0.533s]         See https://setuptools.pypa.io/en/latest/userguide/declarative_config.html for details.
[0.533s]         ********************************************************************************
[0.533s] 
[0.533s] !!
[0.533s]   opt = self.warn_dash_deprecation(opt, section)
[0.634s] running develop
[0.738s] running egg_info
[0.748s] writing hw01_tf_demo.egg-info/PKG-INFO
[0.748s] writing dependency_links to hw01_tf_demo.egg-info/dependency_links.txt
[0.748s] writing entry points to hw01_tf_demo.egg-info/entry_points.txt
[0.748s] writing requirements to hw01_tf_demo.egg-info/requires.txt
[0.748s] writing top-level names to hw01_tf_demo.egg-info/top_level.txt
[0.769s] reading manifest file 'hw01_tf_demo.egg-info/SOURCES.txt'
[0.769s] writing manifest file 'hw01_tf_demo.egg-info/SOURCES.txt'
[0.780s] running build_ext
[0.780s] Creating /home/parshva/ITR/HW_1/hw01-mujoco-rotations/ros_ws/install/hw01_tf_demo/lib/python3.12/site-packages/hw01-tf-demo.egg-link (link to .)
[0.781s] Installing tf_broadcaster_node script to /home/parshva/ITR/HW_1/hw01-mujoco-rotations/ros_ws/install/hw01_tf_demo/lib/hw01_tf_demo
[0.781s] 
[0.781s] Installed /home/parshva/ITR/HW_1/hw01-mujoco-rotations/ros_ws/build/hw01_tf_demo
[0.781s] running symlink_data
[0.800s] Invoked command in '/home/parshva/ITR/HW_1/hw01-mujoco-rotations/ros_ws/build/hw01_tf_demo' returned '0': DEBUGINFOD_URLS=https://debuginfod.ubuntu.com PYTHONPATH=/home/parshva/ITR/HW_1/hw01-mujoco-rotations/ros_ws/build/hw01_tf_demo/prefix_override:/usr/lib/python3/dist-packages/colcon_core/task/python/colcon_distutils_commands:/home/parshva/ITR/HW_1/hw01-mujoco-rotations/ros_ws/install/hw01_tf_demo/lib/python3.12/site-packages:${PYTHONPATH} /usr/bin/python3 -W ignore:setup.py install is deprecated -W ignore:easy_install command is deprecated setup.py develop --editable --build-directory /home/parshva/ITR/HW_1/hw01-mujoco-rotations/ros_ws/build/hw01_tf_demo/build --no-deps symlink_data
