[0.453s] Invoking command in '/home/parshva/ITR/HW_1/hw01-mujoco-rotations/ros_ws/build/hw01_tf_demo': DEBUGINFOD_URLS=https://debuginfod.ubuntu.com PYTHONPATH=/home/parshva/ITR/HW_1/hw01-mujoco-rotations/ros_ws/build/hw01_tf_demo/prefix_override:/usr/lib/python3/dist-packages/colcon_core/task/python/colcon_distutils_commands:/home/parshva/ITR/HW_1/hw01-mujoco-rotations/ros_ws/install/hw01_tf_demo/lib/python3.12/site-packages:${PYTHONPATH} /usr/bin/python3 -W ignore:setup.py install is deprecated -W ignore:easy_install command is deprecated setup.py develop --uninstall --editable --build-directory /home/parshva/ITR/HW_1/hw01-mujoco-rotations/ros_ws/build/hw01_tf_demo/build
[0.531s] /usr/lib/python3/dist-packages/setuptools/dist.py:744: SetuptoolsDeprecationWarning: Invalid dash-separated options
[0.531s] !!
[0.532s] 
[0.532s]         ********************************************************************************
[0.532s]         Usage of dash-separated 'script-dir' will not be supported in future
[0.532s]         versions. Please use the underscore name 'script_dir' instead.
[0.532s] 
[0.533s]         This deprecation is overdue, please update your project and remove deprecated
[0.533s]         calls to avoid build errors in the future.
[0.533s] 
[0.533s]         See https://setuptools.pypa.io/en/latest/userguide/declarative_config.html for details.
[0.533s]         ********************************************************************************
[0.533s] 
[0.533s] !!
[0.533s]   opt = self.warn_dash_deprecation(opt, section)
[0.623s] running develop
[0.728s] Removing /home/parshva/ITR/HW_1/hw01-mujoco-rotations/ros_ws/install/hw01_tf_demo/lib/python3.12/site-packages/hw01-tf-demo.egg-link (link to .)
[0.747s] Invoked command in '/home/parshva/ITR/HW_1/hw01-mujoco-rotations/ros_ws/build/hw01_tf_demo' returned '0': DEBUGINFOD_URLS=https://debuginfod.ubuntu.com PYTHONPATH=/home/parshva/ITR/HW_1/hw01-mujoco-rotations/ros_ws/build/hw01_tf_demo/prefix_override:/usr/lib/python3/dist-packages/colcon_core/task/python/colcon_distutils_commands:/home/parshva/ITR/HW_1/hw01-mujoco-rotations/ros_ws/install/hw01_tf_demo/lib/python3.12/site-packages:${PYTHONPATH} /usr/bin/python3 -W ignore:setup.py install is deprecated -W ignore:easy_install command is deprecated setup.py develop --uninstall --editable --build-directory /home/parshva/ITR/HW_1/hw01-mujoco-rotations/ros_ws/build/hw01_tf_demo/build
[0.748s] Invoking command in '/home/parshva/ITR/HW_1/hw01-mujoco-rotations/ros_ws/src/hw01_tf_demo': DEBUGINFOD_URLS=https://debuginfod.ubuntu.com PYTHONPATH=/home/parshva/ITR/HW_1/hw01-mujoco-rotations/ros_ws/build/hw01_tf_demo/prefix_override:/usr/lib/python3/dist-packages/colcon_core/task/python/colcon_distutils_commands:/home/parshva/ITR/HW_1/hw01-mujoco-rotations/ros_ws/install/hw01_tf_demo/lib/python3.12/site-packages:${PYTHONPATH} /usr/bin/python3 -W ignore:setup.py install is deprecated -W ignore:easy_install command is deprecated setup.py egg_info --egg-base ../../build/hw01_tf_demo build --build-base /home/parshva/ITR/HW_1/hw01-mujoco-rotations/ros_ws/build/hw01_tf_demo/build install --record /home/parshva/ITR/HW_1/hw01-mujoco-rotations/ros_ws/build/hw01_tf_demo/install.log --install-scripts $base/lib/hw01_tf_demo --single-version-externally-managed install_data --force
[0.822s] /usr/lib/python3/dist-packages/setuptools/dist.py:744: SetuptoolsDeprecationWarning: Invalid dash-separated options
[0.823s] !!
[0.823s] 
[0.823s]         ********************************************************************************
[0.823s]         Usage of dash-separated 'script-dir' will not be supported in future
[0.823s]         versions. Please use the underscore name 'script_dir' instead.
[0.824s] 
[0.824s]         This deprecation is overdue, please update your project and remove deprecated
[0.824s]         calls to avoid build errors in the future.
[0.824s] 
[0.824s]         See https://setuptools.pypa.io/en/latest/userguide/declarative_config.html for details.
[0.824s]         ********************************************************************************
[0.824s] 
[0.825s] !!
[0.825s]   opt = self.warn_dash_deprecation(opt, section)
[0.894s] running egg_info
[0.904s] writing ../../build/hw01_tf_demo/hw01_tf_demo.egg-info/PKG-INFO
[0.904s] writing dependency_links to ../../build/hw01_tf_demo/hw01_tf_demo.egg-info/dependency_links.txt
[0.904s] writing entry points to ../../build/hw01_tf_demo/hw01_tf_demo.egg-info/entry_points.txt
[0.905s] writing requirements to ../../build/hw01_tf_demo/hw01_tf_demo.egg-info/requires.txt
[0.905s] writing top-level names to ../../build/hw01_tf_demo/hw01_tf_demo.egg-info/top_level.txt
[0.924s] reading manifest file '../../build/hw01_tf_demo/hw01_tf_demo.egg-info/SOURCES.txt'
[0.925s] writing manifest file '../../build/hw01_tf_demo/hw01_tf_demo.egg-info/SOURCES.txt'
[0.925s] running build
[0.925s] running build_py
[0.925s] creating /home/parshva/ITR/HW_1/hw01-mujoco-rotations/ros_ws/build/hw01_tf_demo/build
[0.925s] creating /home/parshva/ITR/HW_1/hw01-mujoco-rotations/ros_ws/build/hw01_tf_demo/build/lib
[0.925s] creating /home/parshva/ITR/HW_1/hw01-mujoco-rotations/ros_ws/build/hw01_tf_demo/build/lib/hw01_tf_demo
[0.926s] copying hw01_tf_demo/__init__.py -> /home/parshva/ITR/HW_1/hw01-mujoco-rotations/ros_ws/build/hw01_tf_demo/build/lib/hw01_tf_demo
[0.926s] copying hw01_tf_demo/tf_broadcaster_node.py -> /home/parshva/ITR/HW_1/hw01-mujoco-rotations/ros_ws/build/hw01_tf_demo/build/lib/hw01_tf_demo
[0.926s] running install
[0.928s] running install_lib
[0.938s] creating /home/parshva/ITR/HW_1/hw01-mujoco-rotations/ros_ws/install/hw01_tf_demo/lib/python3.12/site-packages/hw01_tf_demo
[0.939s] copying /home/parshva/ITR/HW_1/hw01-mujoco-rotations/ros_ws/build/hw01_tf_demo/build/lib/hw01_tf_demo/__init__.py -> /home/parshva/ITR/HW_1/hw01-mujoco-rotations/ros_ws/install/hw01_tf_demo/lib/python3.12/site-packages/hw01_tf_demo
[0.939s] copying /home/parshva/ITR/HW_1/hw01-mujoco-rotations/ros_ws/build/hw01_tf_demo/build/lib/hw01_tf_demo/tf_broadcaster_node.py -> /home/parshva/ITR/HW_1/hw01-mujoco-rotations/ros_ws/install/hw01_tf_demo/lib/python3.12/site-packages/hw01_tf_demo
[0.939s] byte-compiling /home/parshva/ITR/HW_1/hw01-mujoco-rotations/ros_ws/install/hw01_tf_demo/lib/python3.12/site-packages/hw01_tf_demo/__init__.py to __init__.cpython-312.pyc
[0.939s] byte-compiling /home/parshva/ITR/HW_1/hw01-mujoco-rotations/ros_ws/install/hw01_tf_demo/lib/python3.12/site-packages/hw01_tf_demo/tf_broadcaster_node.py to tf_broadcaster_node.cpython-312.pyc
[0.940s] running install_data
[0.940s] copying resource/hw01_tf_demo -> /home/parshva/ITR/HW_1/hw01-mujoco-rotations/ros_ws/install/hw01_tf_demo/share/ament_index/resource_index/packages
[0.940s] copying package.xml -> /home/parshva/ITR/HW_1/hw01-mujoco-rotations/ros_ws/install/hw01_tf_demo/share/hw01_tf_demo
[0.940s] running install_egg_info
[0.951s] Copying ../../build/hw01_tf_demo/hw01_tf_demo.egg-info to /home/parshva/ITR/HW_1/hw01-mujoco-rotations/ros_ws/install/hw01_tf_demo/lib/python3.12/site-packages/hw01_tf_demo-0.1.0-py3.12.egg-info
[0.951s] running install_scripts
[1.020s] Installing tf_broadcaster_node script to /home/parshva/ITR/HW_1/hw01-mujoco-rotations/ros_ws/install/hw01_tf_demo/lib/hw01_tf_demo
[1.020s] writing list of installed files to '/home/parshva/ITR/HW_1/hw01-mujoco-rotations/ros_ws/build/hw01_tf_demo/install.log'
[1.037s] Invoked command in '/home/parshva/ITR/HW_1/hw01-mujoco-rotations/ros_ws/src/hw01_tf_demo' returned '0': DEBUGINFOD_URLS=https://debuginfod.ubuntu.com PYTHONPATH=/home/parshva/ITR/HW_1/hw01-mujoco-rotations/ros_ws/build/hw01_tf_demo/prefix_override:/usr/lib/python3/dist-packages/colcon_core/task/python/colcon_distutils_commands:/home/parshva/ITR/HW_1/hw01-mujoco-rotations/ros_ws/install/hw01_tf_demo/lib/python3.12/site-packages:${PYTHONPATH} /usr/bin/python3 -W ignore:setup.py install is deprecated -W ignore:easy_install command is deprecated setup.py egg_info --egg-base ../../build/hw01_tf_demo build --build-base /home/parshva/ITR/HW_1/hw01-mujoco-rotations/ros_ws/build/hw01_tf_demo/build install --record /home/parshva/ITR/HW_1/hw01-mujoco-rotations/ros_ws/build/hw01_tf_demo/install.log --install-scripts $base/lib/hw01_tf_demo --single-version-externally-managed install_data --force
