/usr/lib/python3/dist-packages/setuptools/dist.py:744: SetuptoolsDeprecationWarning: Invalid dash-separated options
!!

        ********************************************************************************
        Usage of dash-separated 'script-dir' will not be supported in future
        versions. Please use the underscore name 'script_dir' instead.

        This deprecation is overdue, please update your project and remove deprecated
        calls to avoid build errors in the future.

        See https://setuptools.pypa.io/en/latest/userguide/declarative_config.html for details.
        ********************************************************************************

!!
  opt = self.warn_dash_deprecation(opt, section)
running develop
running egg_info
writing hw01_tf_demo.egg-info/PKG-INFO
writing dependency_links to hw01_tf_demo.egg-info/dependency_links.txt
writing entry points to hw01_tf_demo.egg-info/entry_points.txt
writing requirements to hw01_tf_demo.egg-info/requires.txt
writing top-level names to hw01_tf_demo.egg-info/top_level.txt
reading manifest file 'hw01_tf_demo.egg-info/SOURCES.txt'
writing manifest file 'hw01_tf_demo.egg-info/SOURCES.txt'
running build_ext
Creating /home/parshva/ITR/HW_1/hw01-mujoco-rotations/ros_ws/install/hw01_tf_demo/lib/python3.12/site-packages/hw01-tf-demo.egg-link (link to .)
Installing tf_broadcaster_node script to /home/parshva/ITR/HW_1/hw01-mujoco-rotations/ros_ws/install/hw01_tf_demo/lib/hw01_tf_demo

Installed /home/parshva/ITR/HW_1/hw01-mujoco-rotations/ros_ws/build/hw01_tf_demo
running symlink_data
