[0.436s] Invoking command in '/home/parshva/ITR/HW_1/Mujoco and Ros (material)/hw01-mujoco-rotations/ros_ws/src/hw01_tf_demo': DEBUGINFOD_URLS=https://debuginfod.ubuntu.com PYTHONPATH=/home/parshva/ITR/HW_1/Mujoco and Ros (material)/hw01-mujoco-rotations/ros_ws/build/hw01_tf_demo/prefix_override:/usr/lib/python3/dist-packages/colcon_core/task/python/colcon_distutils_commands:/home/parshva/ITR/HW_1/Mujoco and Ros (material)/hw01-mujoco-rotations/ros_ws/install/hw01_tf_demo/lib/python3.12/site-packages:${PYTHONPATH} /usr/bin/python3 -W ignore:setup.py install is deprecated -W ignore:easy_install command is deprecated setup.py egg_info --egg-base ../../build/hw01_tf_demo build --build-base /home/parshva/ITR/HW_1/Mujoco and Ros (material)/hw01-mujoco-rotations/ros_ws/build/hw01_tf_demo/build install --record /home/parshva/ITR/HW_1/Mujoco and Ros (material)/hw01-mujoco-rotations/ros_ws/build/hw01_tf_demo/install.log --install-scripts $base/lib/hw01_tf_demo --single-version-externally-managed install_data
[0.506s] /usr/lib/python3/dist-packages/setuptools/dist.py:744: SetuptoolsDeprecationWarning: Invalid dash-separated options
[0.506s] !!
[0.506s] 
[0.506s]         ********************************************************************************
[0.506s]         Usage of dash-separated 'script-dir' will not be supported in future
[0.506s]         versions. Please use the underscore name 'script_dir' instead.
[0.506s] 
[0.506s]         This deprecation is overdue, please update your project and remove deprecated
[0.506s]         calls to avoid build errors in the future.
[0.506s] 
[0.506s]         See https://setuptools.pypa.io/en/latest/userguide/declarative_config.html for details.
[0.506s]         ********************************************************************************
[0.506s] 
[0.506s] !!
[0.506s]   opt = self.warn_dash_deprecation(opt, section)
[0.578s] running egg_info
[0.588s] writing ../../build/hw01_tf_demo/hw01_tf_demo.egg-info/PKG-INFO
[0.588s] writing dependency_links to ../../build/hw01_tf_demo/hw01_tf_demo.egg-info/dependency_links.txt
[0.588s] writing entry points to ../../build/hw01_tf_demo/hw01_tf_demo.egg-info/entry_points.txt
[0.588s] writing requirements to ../../build/hw01_tf_demo/hw01_tf_demo.egg-info/requires.txt
[0.588s] writing top-level names to ../../build/hw01_tf_demo/hw01_tf_demo.egg-info/top_level.txt
[0.608s] reading manifest file '../../build/hw01_tf_demo/hw01_tf_demo.egg-info/SOURCES.txt'
[0.608s] writing manifest file '../../build/hw01_tf_demo/hw01_tf_demo.egg-info/SOURCES.txt'
[0.608s] running build
[0.608s] running build_py
[0.608s] running install
[0.612s] running install_lib
[0.622s] running install_data
[0.622s] running install_egg_info
[0.632s] removing '/home/parshva/ITR/HW_1/Mujoco and Ros (material)/hw01-mujoco-rotations/ros_ws/install/hw01_tf_demo/lib/python3.12/site-packages/hw01_tf_demo-0.1.0-py3.12.egg-info' (and everything under it)
[0.633s] Copying ../../build/hw01_tf_demo/hw01_tf_demo.egg-info to /home/parshva/ITR/HW_1/Mujoco and Ros (material)/hw01-mujoco-rotations/ros_ws/install/hw01_tf_demo/lib/python3.12/site-packages/hw01_tf_demo-0.1.0-py3.12.egg-info
[0.633s] running install_scripts
[0.702s] Installing tf_broadcaster_node script to /home/parshva/ITR/HW_1/Mujoco and Ros (material)/hw01-mujoco-rotations/ros_ws/install/hw01_tf_demo/lib/hw01_tf_demo
[0.702s] writing list of installed files to '/home/parshva/ITR/HW_1/Mujoco and Ros (material)/hw01-mujoco-rotations/ros_ws/build/hw01_tf_demo/install.log'
[0.718s] Invoked command in '/home/parshva/ITR/HW_1/Mujoco and Ros (material)/hw01-mujoco-rotations/ros_ws/src/hw01_tf_demo' returned '0': DEBUGINFOD_URLS=https://debuginfod.ubuntu.com PYTHONPATH=/home/parshva/ITR/HW_1/Mujoco and Ros (material)/hw01-mujoco-rotations/ros_ws/build/hw01_tf_demo/prefix_override:/usr/lib/python3/dist-packages/colcon_core/task/python/colcon_distutils_commands:/home/parshva/ITR/HW_1/Mujoco and Ros (material)/hw01-mujoco-rotations/ros_ws/install/hw01_tf_demo/lib/python3.12/site-packages:${PYTHONPATH} /usr/bin/python3 -W ignore:setup.py install is deprecated -W ignore:easy_install command is deprecated setup.py egg_info --egg-base ../../build/hw01_tf_demo build --build-base /home/parshva/ITR/HW_1/Mujoco and Ros (material)/hw01-mujoco-rotations/ros_ws/build/hw01_tf_demo/build install --record /home/parshva/ITR/HW_1/Mujoco and Ros (material)/hw01-mujoco-rotations/ros_ws/build/hw01_tf_demo/install.log --install-scripts $base/lib/hw01_tf_demo --single-version-externally-managed install_data
